Found 505 unique scientific names to query
[10/505] Aix sponsa -> Wood Duck
[20/505] Cardinalis cardinalis -> Typical Cardinals
[30/505] Anas platyrhynchos × Mareca strepera -> Brewer's Duck
[40/505] Branta canadensis -> Canada Goose
[50/505] Setophaga virens -> Black-throated Green Warbler
[60/505] Dryobates pubescens -> Downy Woodpecker
[70/505] Butorides virescens -> Green Heron
[80/505] Dumetella carolinensis -> Gray Catbird
[90/505] Troglodytes aedon -> Northern House Wren
[100/505] Contopus virens -> Eastern Wood-Pewee
[110/505] Euphagus carolinus -> Euphagus Carolinus
[120/505] Molothrus ater -> Brown-headed Cowbird
[130/505] Sterna forsteri -> Sterna Forsteri
[140/505] Melospiza georgiana -> Melospiza Georgiana
[150/505] Pipilo maculatus -> Spotted Towhee
[160/505] Cistothorus palustris -> Cistothorus Palustris
[170/505] Spizella pallida -> Spizella Pallida
[180/505] Sturnella neglecta -> Sturnella Neglecta
[190/505] Zonotrichia leucophrys gambelii -> Gambel's White-crowned Sparrow
[200/505] Vermivora cyanoptera -> Vermivora Cyanoptera
[210/505] Aythya valisineria -> Canvasback
[220/505] Spiza americana -> Spiza Americana
[230/505] Mergus merganser -> Common Merganser
[240/505] Empidonax traillii -> Empidonax Traillii
[250/505] Vireo gilvus -> Vireo Gilvus
[260/505] Lanius ludovicianus -> Loggerhead Shrike
[270/505] Passerculus sandwichensis savanna -> Passerculus Sandwichensis Savanna
[280/505] Bucephala albeola × clangula -> Bufflehead × Common Goldeneye
[290/505] Riparia riparia -> Riparia Riparia
[300/505] Vireo bellii -> Vireo Bellii
[310/505] Zonotrichia querula -> Harris's Sparrow
[320/505] Icteria virens -> Icteria Virens
[330/505] Histrionicus histrionicus -> Histrionicus Histrionicus
[340/505] Calypte anna -> Anna's Hummingbird
[350/505] Calidris acuminata -> Calidris Acuminata
[360/505] Anas rubripes × platyrhynchos -> Anas Rubripes × Platyrhynchos
[370/505] Larus californicus -> California Gull
[380/505] Setophaga nigrescens -> Setophaga Nigrescens
[390/505] Larus glaucescens -> Larus Glaucescens
[400/505] Sitta pygmaea -> Pygmy Nuthatch
[410/505] Leiothlypis ruficapilla ruficapilla -> Leiothlypis Ruficapilla Ruficapilla
[420/505] Pinicola enucleator -> Pine Grosbeak
[430/505] Accipitrinae -> Accipitrinae
[440/505] Plegadis -> Plegadis Ibises
[450/505] Rallus elegans -> Rallus Elegans
[460/505] Cardinalis cardinalis cardinalis -> Cardinalis Cardinalis Cardinalis
[470/505] Limnodromus griseus hendersoni -> Henderson’s Short-billed Dowitcher
[480/505] Haemorhous cassinii -> Haemorhous Cassinii
[490/505] Corthylio calendula calendula -> Corthylio Calendula Calendula
[500/505] Falco sparverius sparverius -> American Kestrel
Wrote 505 entries to common_labels.json
